[2017-03-24T08:52:31,354][INFO ][o.e.n.Node               ] [] initializing ...
[2017-03-24T08:52:31,711][INFO ][o.e.e.NodeEnvironment    ] [-f2T_Zf] using [1] data paths, mounts [[/ (/dev/sda4)]], net usable_space [20.3gb], net total_space [52.3gb], spins? [possibly], types [ext4]
[2017-03-24T08:52:31,711][INFO ][o.e.e.NodeEnvironment    ] [-f2T_Zf] heap size [1.9gb], compressed ordinary object pointers [true]
[2017-03-24T08:52:32,708][INFO ][o.e.n.Node               ] node name [-f2T_Zf] derived from node ID [-f2T_ZfAQKSm8iOo5kl_jQ]; set [node.name] to override
[2017-03-24T08:52:32,729][INFO ][o.e.n.Node               ] version[5.2.2], pid[4228], build[f9d9b74/2017-02-24T17:26:45.835Z], OS[Linux/4.4.0-66-generic/amd64], JVM[Oracle Corporation/OpenJDK 64-Bit Server VM/1.8.0_121/25.121-b13]
[2017-03-24T08:52:34,616][INFO ][o.e.p.PluginsService     ] [-f2T_Zf] loaded module [aggs-matrix-stats]
[2017-03-24T08:52:34,617][INFO ][o.e.p.PluginsService     ] [-f2T_Zf] loaded module [ingest-common]
[2017-03-24T08:52:34,617][INFO ][o.e.p.PluginsService     ] [-f2T_Zf] loaded module [lang-expression]
[2017-03-24T08:52:34,617][INFO ][o.e.p.PluginsService     ] [-f2T_Zf] loaded module [lang-groovy]
[2017-03-24T08:52:34,617][INFO ][o.e.p.PluginsService     ] [-f2T_Zf] loaded module [lang-mustache]
[2017-03-24T08:52:34,617][INFO ][o.e.p.PluginsService     ] [-f2T_Zf] loaded module [lang-painless]
[2017-03-24T08:52:34,617][INFO ][o.e.p.PluginsService     ] [-f2T_Zf] loaded module [percolator]
[2017-03-24T08:52:34,617][INFO ][o.e.p.PluginsService     ] [-f2T_Zf] loaded module [reindex]
[2017-03-24T08:52:34,617][INFO ][o.e.p.PluginsService     ] [-f2T_Zf] loaded module [transport-netty3]
[2017-03-24T08:52:34,617][INFO ][o.e.p.PluginsService     ] [-f2T_Zf] loaded module [transport-netty4]
[2017-03-24T08:52:34,618][INFO ][o.e.p.PluginsService     ] [-f2T_Zf] no plugins loaded
[2017-03-24T08:52:38,476][INFO ][o.e.n.Node               ] initialized
[2017-03-24T08:52:38,477][INFO ][o.e.n.Node               ] [-f2T_Zf] starting ...
[2017-03-24T08:52:38,833][INFO ][o.e.t.TransportService   ] [-f2T_Zf] publish_address {127.0.0.1:9300}, bound_addresses {[::1]:9300}, {127.0.0.1:9300}
[2017-03-24T08:52:38,839][WARN ][o.e.b.BootstrapChecks    ] [-f2T_Zf] max virtual memory areas vm.max_map_count [65530] is too low, increase to at least [262144]
[2017-03-24T08:52:41,901][INFO ][o.e.c.s.ClusterService   ] [-f2T_Zf] new_master {-f2T_Zf}{-f2T_ZfAQKSm8iOo5kl_jQ}{qDIHJL7lQ7G2ISaILTaG3w}{127.0.0.1}{127.0.0.1:9300}, reason: zen-disco-elected-as-master ([0] nodes joined)
[2017-03-24T08:52:42,023][INFO ][o.e.h.HttpServer         ] [-f2T_Zf] publish_address {127.0.0.1:9200}, bound_addresses {[::1]:9200}, {127.0.0.1:9200}
[2017-03-24T08:52:42,023][INFO ][o.e.n.Node               ] [-f2T_Zf] started
[2017-03-24T08:52:42,669][INFO ][o.e.g.GatewayService     ] [-f2T_Zf] recovered [8] indices into cluster_state
[2017-03-24T08:52:43,993][INFO ][o.e.c.r.a.AllocationService] [-f2T_Zf] Cluster health status changed from [RED] to [YELLOW] (reason: [shards started [[.kibana][0]] ...]).
[2017-03-24T09:10:43,570][INFO ][o.e.c.m.MetaDataDeleteIndexService] [-f2T_Zf] [my_store/Zg0mx5rOQlqJLN0xmvd_Nw] deleting index
[2017-03-24T09:11:24,969][INFO ][o.e.c.m.MetaDataMappingService] [-f2T_Zf] [my_index/Y7Dd1wbKRhOfG2bUeuqKYw] update_mapping [my_type]
[2017-03-24T09:13:39,462][INFO ][o.e.c.m.MetaDataMappingService] [-f2T_Zf] [my_index/Y7Dd1wbKRhOfG2bUeuqKYw] update_mapping [my_type]
[2017-03-24T09:27:20,837][INFO ][o.e.c.m.MetaDataDeleteIndexService] [-f2T_Zf] [my_index/Y7Dd1wbKRhOfG2bUeuqKYw] deleting index
[2017-03-24T09:27:49,136][WARN ][o.e.m.j.JvmGcMonitorService] [-f2T_Zf] [gc][young][2106][3] duration [4.8s], collections [1]/[4.9s], total [4.8s]/[4.8s], memory [308.2mb]->[85.8mb]/[1.9gb], all_pools {[young] [266.2mb]->[2.2mb]/[266.2mb]}{[survivor] [33.2mb]->[33.2mb]/[33.2mb]}{[old] [8.7mb]->[50.3mb]/[1.6gb]}
[2017-03-24T09:27:49,140][WARN ][o.e.m.j.JvmGcMonitorService] [-f2T_Zf] [gc][2106] overhead, spent [4.8s] collecting in the last [4.9s]
[2017-03-24T09:29:39,773][INFO ][o.e.c.m.MetaDataCreateIndexService] [-f2T_Zf] [my_index] creating index, cause [api], templates [], shards [5]/[1], mappings [my_type]
[2017-03-24T11:14:58,465][WARN ][o.e.m.j.JvmGcMonitorService] [-f2T_Zf] [gc][young][8530][4] duration [4.2s], collections [1]/[4.6s], total [4.2s]/[9.1s], memory [349.8mb]->[116.7mb]/[1.9gb], all_pools {[young] [266.2mb]->[2.8mb]/[266.2mb]}{[survivor] [33.2mb]->[23.1mb]/[33.2mb]}{[old] [50.3mb]->[90.8mb]/[1.6gb]}
[2017-03-24T11:14:58,482][WARN ][o.e.m.j.JvmGcMonitorService] [-f2T_Zf] [gc][8530] overhead, spent [4.2s] collecting in the last [4.6s]
[2017-03-24T11:36:26,310][INFO ][o.e.n.Node               ] [-f2T_Zf] stopping ...
[2017-03-24T11:36:26,576][INFO ][o.e.n.Node               ] [-f2T_Zf] stopped
[2017-03-24T11:36:26,589][INFO ][o.e.n.Node               ] [-f2T_Zf] closing ...
[2017-03-24T11:36:26,752][INFO ][o.e.n.Node               ] [-f2T_Zf] closed
[2017-03-24T20:00:07,854][INFO ][o.e.n.Node               ] [] initializing ...
[2017-03-24T20:00:08,686][INFO ][o.e.e.NodeEnvironment    ] [-f2T_Zf] using [1] data paths, mounts [[/ (/dev/sda4)]], net usable_space [20.3gb], net total_space [52.3gb], spins? [possibly], types [ext4]
[2017-03-24T20:00:08,687][INFO ][o.e.e.NodeEnvironment    ] [-f2T_Zf] heap size [1.9gb], compressed ordinary object pointers [true]
[2017-03-24T20:00:09,625][INFO ][o.e.n.Node               ] node name [-f2T_Zf] derived from node ID [-f2T_ZfAQKSm8iOo5kl_jQ]; set [node.name] to override
[2017-03-24T20:00:09,694][INFO ][o.e.n.Node               ] version[5.2.2], pid[3418], build[f9d9b74/2017-02-24T17:26:45.835Z], OS[Linux/4.4.0-66-generic/amd64], JVM[Oracle Corporation/OpenJDK 64-Bit Server VM/1.8.0_121/25.121-b13]
[2017-03-24T20:00:17,558][INFO ][o.e.p.PluginsService     ] [-f2T_Zf] loaded module [aggs-matrix-stats]
[2017-03-24T20:00:17,559][INFO ][o.e.p.PluginsService     ] [-f2T_Zf] loaded module [ingest-common]
[2017-03-24T20:00:17,559][INFO ][o.e.p.PluginsService     ] [-f2T_Zf] loaded module [lang-expression]
[2017-03-24T20:00:17,559][INFO ][o.e.p.PluginsService     ] [-f2T_Zf] loaded module [lang-groovy]
[2017-03-24T20:00:17,559][INFO ][o.e.p.PluginsService     ] [-f2T_Zf] loaded module [lang-mustache]
[2017-03-24T20:00:17,559][INFO ][o.e.p.PluginsService     ] [-f2T_Zf] loaded module [lang-painless]
[2017-03-24T20:00:17,559][INFO ][o.e.p.PluginsService     ] [-f2T_Zf] loaded module [percolator]
[2017-03-24T20:00:17,559][INFO ][o.e.p.PluginsService     ] [-f2T_Zf] loaded module [reindex]
[2017-03-24T20:00:17,559][INFO ][o.e.p.PluginsService     ] [-f2T_Zf] loaded module [transport-netty3]
[2017-03-24T20:00:17,560][INFO ][o.e.p.PluginsService     ] [-f2T_Zf] loaded module [transport-netty4]
[2017-03-24T20:00:17,561][INFO ][o.e.p.PluginsService     ] [-f2T_Zf] no plugins loaded
[2017-03-24T20:00:21,907][INFO ][o.e.n.Node               ] initialized
[2017-03-24T20:00:21,907][INFO ][o.e.n.Node               ] [-f2T_Zf] starting ...
[2017-03-24T20:00:22,360][INFO ][o.e.t.TransportService   ] [-f2T_Zf] publish_address {127.0.0.1:9300}, bound_addresses {[::1]:9300}, {127.0.0.1:9300}
[2017-03-24T20:00:22,365][WARN ][o.e.b.BootstrapChecks    ] [-f2T_Zf] max virtual memory areas vm.max_map_count [65530] is too low, increase to at least [262144]
[2017-03-24T20:00:25,441][INFO ][o.e.c.s.ClusterService   ] [-f2T_Zf] new_master {-f2T_Zf}{-f2T_ZfAQKSm8iOo5kl_jQ}{0-Y2sXjtQgiWxmyIQvG6xA}{127.0.0.1}{127.0.0.1:9300}, reason: zen-disco-elected-as-master ([0] nodes joined)
[2017-03-24T20:00:25,505][INFO ][o.e.h.HttpServer         ] [-f2T_Zf] publish_address {127.0.0.1:9200}, bound_addresses {[::1]:9200}, {127.0.0.1:9200}
[2017-03-24T20:00:25,505][INFO ][o.e.n.Node               ] [-f2T_Zf] started
[2017-03-24T20:00:26,899][INFO ][o.e.g.GatewayService     ] [-f2T_Zf] recovered [7] indices into cluster_state
[2017-03-24T20:00:28,522][INFO ][o.e.c.r.a.AllocationService] [-f2T_Zf] Cluster health status changed from [RED] to [YELLOW] (reason: [shards started [[customer][2], [.kibana][0], [customer][3], [customer][0]] ...]).
[2017-03-24T20:27:17,337][INFO ][o.e.c.m.MetaDataCreateIndexService] [-f2T_Zf] [yahoo] creating index, cause [api], templates [], shards [5]/[1], mappings [news]
[2017-03-24T20:33:51,516][WARN ][o.e.m.j.JvmGcMonitorService] [-f2T_Zf] [gc][young][2001][3] duration [8.2s], collections [1]/[8.3s], total [8.2s]/[8.3s], memory [300.8mb]->[120.3mb]/[1.9gb], all_pools {[young] [256.9mb]->[17.3mb]/[266.2mb]}{[survivor] [33.2mb]->[33.2mb]/[33.2mb]}{[old] [10.5mb]->[69.7mb]/[1.6gb]}
[2017-03-24T20:33:51,518][WARN ][o.e.m.j.JvmGcMonitorService] [-f2T_Zf] [gc][2001] overhead, spent [8.2s] collecting in the last [8.3s]
[2017-03-24T20:34:03,035][WARN ][o.e.m.j.JvmGcMonitorService] [-f2T_Zf] [gc][young][2004][4] duration [9.2s], collections [1]/[9.5s], total [9.2s]/[17.6s], memory [221.5mb]->[326.2mb]/[1.9gb], all_pools {[young] [118.6mb]->[86.3mb]/[266.2mb]}{[survivor] [33.2mb]->[20.9mb]/[33.2mb]}{[old] [69.7mb]->[218.9mb]/[1.6gb]}
[2017-03-24T20:34:03,037][WARN ][o.e.m.j.JvmGcMonitorService] [-f2T_Zf] [gc][2004] overhead, spent [9.2s] collecting in the last [9.5s]
[2017-03-24T20:34:16,027][WARN ][o.e.m.j.JvmGcMonitorService] [-f2T_Zf] [gc][young][2005][5] duration [12.5s], collections [1]/[12.9s], total [12.5s]/[30.1s], memory [326.2mb]->[466.7mb]/[1.9gb], all_pools {[young] [86.3mb]->[86.1mb]/[266.2mb]}{[survivor] [20.9mb]->[17.2mb]/[33.2mb]}{[old] [218.9mb]->[363.5mb]/[1.6gb]}
[2017-03-24T20:34:16,028][WARN ][o.e.m.j.JvmGcMonitorService] [-f2T_Zf] [gc][2005] overhead, spent [12.5s] collecting in the last [12.9s]
[2017-03-24T20:58:48,632][WARN ][o.e.m.j.JvmGcMonitorService] [-f2T_Zf] [gc][young][3476][6] duration [1.9s], collections [1]/[1.9s], total [1.9s]/[32s], memory [647mb]->[380.3mb]/[1.9gb], all_pools {[young] [266.2mb]->[207.1kb]/[266.2mb]}{[survivor] [17.2mb]->[16.8mb]/[33.2mb]}{[old] [363.5mb]->[363.5mb]/[1.6gb]}
[2017-03-24T20:58:48,696][WARN ][o.e.m.j.JvmGcMonitorService] [-f2T_Zf] [gc][3476] overhead, spent [1.9s] collecting in the last [1.9s]
[2017-03-24T22:02:29,445][WARN ][o.e.m.j.JvmGcMonitorService] [-f2T_Zf] [gc][young][7288][7] duration [7.8s], collections [1]/[7.9s], total [7.8s]/[39.9s], memory [620.3mb]->[485.5mb]/[1.9gb], all_pools {[young] [240mb]->[32.7mb]/[266.2mb]}{[survivor] [16.8mb]->[33.2mb]/[33.2mb]}{[old] [363.5mb]->[419.5mb]/[1.6gb]}
[2017-03-24T22:02:29,524][WARN ][o.e.m.j.JvmGcMonitorService] [-f2T_Zf] [gc][7288] overhead, spent [7.8s] collecting in the last [7.9s]
[2017-03-24T22:02:53,329][WARN ][o.e.m.j.JvmGcMonitorService] [-f2T_Zf] [gc][young][7303][8] duration [8.8s], collections [1]/[9.8s], total [8.8s]/[48.7s], memory [522.9mb]->[666mb]/[1.9gb], all_pools {[young] [70.1mb]->[65.3mb]/[266.2mb]}{[survivor] [33.2mb]->[32.9mb]/[33.2mb]}{[old] [419.5mb]->[567.7mb]/[1.6gb]}
[2017-03-24T22:02:53,330][WARN ][o.e.m.j.JvmGcMonitorService] [-f2T_Zf] [gc][7303] overhead, spent [8.8s] collecting in the last [9.8s]
[2017-03-24T22:03:06,308][WARN ][o.e.m.j.JvmGcMonitorService] [-f2T_Zf] [gc][young][7304][9] duration [12.8s], collections [1]/[12.9s], total [12.8s]/[1m], memory [666mb]->[829.2mb]/[1.9gb], all_pools {[young] [65.3mb]->[65.3mb]/[266.2mb]}{[survivor] [32.9mb]->[314.2kb]/[33.2mb]}{[old] [567.7mb]->[763.6mb]/[1.6gb]}
[2017-03-24T22:03:06,309][WARN ][o.e.m.j.JvmGcMonitorService] [-f2T_Zf] [gc][7304] overhead, spent [12.8s] collecting in the last [12.9s]
[2017-03-24T22:03:22,627][WARN ][o.e.m.j.JvmGcMonitorService] [-f2T_Zf] [gc][young][7305][10] duration [16s], collections [1]/[16.3s], total [16s]/[1.2m], memory [829.2mb]->[1gb]/[1.9gb], all_pools {[young] [65.3mb]->[130.5mb]/[266.2mb]}{[survivor] [314.2kb]->[79kb]/[33.2mb]}{[old] [763.6mb]->[959.3mb]/[1.6gb]}
[2017-03-24T22:03:22,627][WARN ][o.e.m.j.JvmGcMonitorService] [-f2T_Zf] [gc][7305] overhead, spent [16s] collecting in the last [16.3s]
[2017-03-24T22:08:57,895][WARN ][o.e.m.j.JvmGcMonitorService] [-f2T_Zf] [gc][young][7639][12] duration [1.8s], collections [1]/[2.1s], total [1.8s]/[1.3m], memory [1.1gb]->[1gb]/[1.9gb], all_pools {[young] [231.1mb]->[981.6kb]/[266.2mb]}{[survivor] [16.8mb]->[22.5mb]/[33.2mb]}{[old] [959.3mb]->[1gb]/[1.6gb]}
[2017-03-24T22:08:57,895][WARN ][o.e.m.j.JvmGcMonitorService] [-f2T_Zf] [gc][7639] overhead, spent [1.8s] collecting in the last [2.1s]
[2017-03-24T22:09:01,251][INFO ][o.e.m.j.JvmGcMonitorService] [-f2T_Zf] [gc][young][7642][13] duration [863ms], collections [1]/[1.3s], total [863ms]/[1.3m], memory [1.2gb]->[1gb]/[1.9gb], all_pools {[young] [219.2mb]->[28.2kb]/[266.2mb]}{[survivor] [22.5mb]->[33.2mb]/[33.2mb]}{[old] [1gb]->[1gb]/[1.6gb]}
[2017-03-24T22:09:01,252][WARN ][o.e.m.j.JvmGcMonitorService] [-f2T_Zf] [gc][7642] overhead, spent [863ms] collecting in the last [1.3s]
[2017-03-24T22:09:03,829][INFO ][o.e.m.j.JvmGcMonitorService] [-f2T_Zf] [gc][7644] overhead, spent [624ms] collecting in the last [1.5s]
[2017-03-24T23:21:27,616][WARN ][o.e.m.j.JvmGcMonitorService] [-f2T_Zf] [gc][young][11986][15] duration [1.4s], collections [1]/[1.7s], total [1.4s]/[1.3m], memory [1.3gb]->[1gb]/[1.9gb], all_pools {[young] [265.4mb]->[605.5kb]/[266.2mb]}{[survivor] [29.6mb]->[8.8mb]/[33.2mb]}{[old] [1gb]->[1gb]/[1.6gb]}
[2017-03-24T23:21:27,631][WARN ][o.e.m.j.JvmGcMonitorService] [-f2T_Zf] [gc][11986] overhead, spent [1.4s] collecting in the last [1.7s]
[2017-03-24T23:50:21,043][INFO ][o.e.n.Node               ] [-f2T_Zf] stopping ...
[2017-03-24T23:50:22,223][INFO ][o.e.n.Node               ] [-f2T_Zf] stopped
[2017-03-24T23:50:22,232][INFO ][o.e.n.Node               ] [-f2T_Zf] closing ...
[2017-03-24T23:50:22,561][INFO ][o.e.n.Node               ] [-f2T_Zf] closed
[2017-03-24T23:58:43,872][INFO ][o.e.n.Node               ] [] initializing ...
[2017-03-24T23:58:43,999][INFO ][o.e.e.NodeEnvironment    ] [-f2T_Zf] using [1] data paths, mounts [[/ (/dev/sda4)]], net usable_space [20.2gb], net total_space [52.3gb], spins? [possibly], types [ext4]
[2017-03-24T23:58:43,999][INFO ][o.e.e.NodeEnvironment    ] [-f2T_Zf] heap size [1.9gb], compressed ordinary object pointers [true]
[2017-03-24T23:58:44,083][INFO ][o.e.n.Node               ] node name [-f2T_Zf] derived from node ID [-f2T_ZfAQKSm8iOo5kl_jQ]; set [node.name] to override
[2017-03-24T23:58:44,088][INFO ][o.e.n.Node               ] version[5.2.2], pid[14332], build[f9d9b74/2017-02-24T17:26:45.835Z], OS[Linux/4.4.0-66-generic/amd64], JVM[Oracle Corporation/OpenJDK 64-Bit Server VM/1.8.0_121/25.121-b13]
[2017-03-24T23:58:45,262][INFO ][o.e.p.PluginsService     ] [-f2T_Zf] loaded module [aggs-matrix-stats]
[2017-03-24T23:58:45,263][INFO ][o.e.p.PluginsService     ] [-f2T_Zf] loaded module [ingest-common]
[2017-03-24T23:58:45,263][INFO ][o.e.p.PluginsService     ] [-f2T_Zf] loaded module [lang-expression]
[2017-03-24T23:58:45,263][INFO ][o.e.p.PluginsService     ] [-f2T_Zf] loaded module [lang-groovy]
[2017-03-24T23:58:45,264][INFO ][o.e.p.PluginsService     ] [-f2T_Zf] loaded module [lang-mustache]
[2017-03-24T23:58:45,264][INFO ][o.e.p.PluginsService     ] [-f2T_Zf] loaded module [lang-painless]
[2017-03-24T23:58:45,264][INFO ][o.e.p.PluginsService     ] [-f2T_Zf] loaded module [percolator]
[2017-03-24T23:58:45,264][INFO ][o.e.p.PluginsService     ] [-f2T_Zf] loaded module [reindex]
[2017-03-24T23:58:45,265][INFO ][o.e.p.PluginsService     ] [-f2T_Zf] loaded module [transport-netty3]
[2017-03-24T23:58:45,265][INFO ][o.e.p.PluginsService     ] [-f2T_Zf] loaded module [transport-netty4]
[2017-03-24T23:58:45,266][INFO ][o.e.p.PluginsService     ] [-f2T_Zf] no plugins loaded
[2017-03-24T23:58:49,651][INFO ][o.e.n.Node               ] initialized
[2017-03-24T23:58:49,651][INFO ][o.e.n.Node               ] [-f2T_Zf] starting ...
[2017-03-24T23:58:49,843][INFO ][o.e.t.TransportService   ] [-f2T_Zf] publish_address {127.0.0.1:9300}, bound_addresses {[::1]:9300}, {127.0.0.1:9300}
[2017-03-24T23:58:49,849][WARN ][o.e.b.BootstrapChecks    ] [-f2T_Zf] max virtual memory areas vm.max_map_count [65530] is too low, increase to at least [262144]
[2017-03-24T23:58:52,915][INFO ][o.e.c.s.ClusterService   ] [-f2T_Zf] new_master {-f2T_Zf}{-f2T_ZfAQKSm8iOo5kl_jQ}{CBwJGAh3QYqD-LvqQxcx9Q}{127.0.0.1}{127.0.0.1:9300}, reason: zen-disco-elected-as-master ([0] nodes joined)
[2017-03-24T23:58:52,949][INFO ][o.e.h.HttpServer         ] [-f2T_Zf] publish_address {127.0.0.1:9200}, bound_addresses {[::1]:9200}, {127.0.0.1:9200}
[2017-03-24T23:58:52,950][INFO ][o.e.n.Node               ] [-f2T_Zf] started
[2017-03-24T23:58:53,359][INFO ][o.e.g.GatewayService     ] [-f2T_Zf] recovered [8] indices into cluster_state
[2017-03-24T23:58:55,178][INFO ][o.e.c.r.a.AllocationService] [-f2T_Zf] Cluster health status changed from [RED] to [YELLOW] (reason: [shards started [[customer][3], [customer][4], [customer][1], [.kibana][0]] ...]).
